22
57
.........................................................
.......@@@@@@@@@@.@@@@@@@@@@.@@@@@@@@@@.@@@@@@@@@@.......
.......@@@@@@@@@@.@@@@@@@@@@.@@@@@@@@@@.@@@@@@@@@@.......
.........................................................
.......@@@@@@@@@@.@@@@@@@@@@.@@@@@@@@@@.@@@@@@@@@@.......
.......@@@@@@@@@@.@@@@@@@@@@.@@@@@@@@@@.@@@@@@@@@@.......
.........................................................
.......@@@@@@@@@@.@@@@@@@@@@.@@@@@@@@@@.@@@@@@@@@@.......
.......@@@@@@@@@@.@@@@@@@@@@.@@@@@@@@@@.@@@@@@@@@@.......
.........................................................
.......@@@@@@@@@@.@@@@@@@@@@.@@@@@@@@@@.@@@@@@@@@@.......
.......@@@@@@@@@@.@@@@@@@@@@.@@@@@@@@@@.@@@@@@@@@@.......
.........................................................
.......@@@@@@@@@@.@@@@@@@@@@.@@@@@@@@@@.@@@@@@@@@@.......
.......@@@@@@@@@@.@@@@@@@@@@.@@@@@@@@@@.@@@@@@@@@@.......
.........................................................
.......@@@@@@@@@@.@@@@@@@@@@.@@@@@@@@@@.@@@@@@@@@@.......
.......@@@@@@@@@@.@@@@@@@@@@.@@@@@@@@@@.@@@@@@@@@@.......
.........................................................
.......@@@@@@@@@@.@@@@@@@@@@.@@@@@@@@@@.@@@@@@@@@@.......
.......@@@@@@@@@@.@@@@@@@@@@.@@@@@@@@@@.@@@@@@@@@@.......
.........................................................
2
6,17,9,28
6,28,9,17

